// Jest Snapshot v1, https://goo.gl/fbAQLP

exports[`renders a snapshot 1`] = `
<table
  className="calculator"
>
  <tbody>
    <tr>
      <td
        className="result"
        colSpan="4"
      >
        <div>
          0
        </div>
      </td>
    </tr>
    <tr>
      <td
        colSpan="3"
      >
        <button
          onClick={[Function]}
        >
          clear
        </button>
      </td>
      <td>
        <button
          onClick={[Function]}
        >
          ÷
        </button>
      </td>
    </tr>
    <tr>
      <td>
        <button
          onClick={[Function]}
        >
          7
        </button>
      </td>
      <td>
        <button
          onClick={[Function]}
        >
          8
        </button>
      </td>
      <td>
        <button
          onClick={[Function]}
        >
          9
        </button>
      </td>
      <td>
        <button
          onClick={[Function]}
        >
          ×
        </button>
      </td>
    </tr>
    <tr>
      <td>
        <button
          onClick={[Function]}
        >
          4
        </button>
      </td>
      <td>
        <button
          onClick={[Function]}
        >
          5
        </button>
      </td>
      <td>
        <button
          onClick={[Function]}
        >
          6
        </button>
      </td>
      <td>
        <button
          onClick={[Function]}
        >
          -
        </button>
      </td>
    </tr>
    <tr>
      <td>
        <button
          onClick={[Function]}
        >
          1
        </button>
      </td>
      <td>
        <button
          onClick={[Function]}
        >
          2
        </button>
      </td>
      <td>
        <button
          onClick={[Function]}
        >
          3
        </button>
      </td>
      <td>
        <button
          onClick={[Function]}
        >
          +
        </button>
      </td>
    </tr>
    <tr>
      <td />
      <td>
        <button
          onClick={[Function]}
        >
          0
        </button>
      </td>
      <td
        colSpan="2"
      >
        <button
          onClick={[Function]}
        >
          =
        </button>
      </td>
    </tr>
  </tbody>
</table>
`;

exports[`should add correctly 1`] = `
<table
  className="calculator"
>
  <tbody>
    <tr>
      <td
        className="result"
        colSpan="4"
      >
        <div>
          11
        </div>
      </td>
    </tr>
    <tr>
      <td
        colSpan="3"
      >
        <button
          onClick={[Function]}
        >
          clear
        </button>
      </td>
      <td>
        <button
          onClick={[Function]}
        >
          ÷
        </button>
      </td>
    </tr>
    <tr>
      <td>
        <button
          onClick={[Function]}
        >
          7
        </button>
      </td>
      <td>
        <button
          onClick={[Function]}
        >
          8
        </button>
      </td>
      <td>
        <button
          onClick={[Function]}
        >
          9
        </button>
      </td>
      <td>
        <button
          onClick={[Function]}
        >
          ×
        </button>
      </td>
    </tr>
    <tr>
      <td>
        <button
          onClick={[Function]}
        >
          4
        </button>
      </td>
      <td>
        <button
          onClick={[Function]}
        >
          5
        </button>
      </td>
      <td>
        <button
          onClick={[Function]}
        >
          6
        </button>
      </td>
      <td>
        <button
          onClick={[Function]}
        >
          -
        </button>
      </td>
    </tr>
    <tr>
      <td>
        <button
          onClick={[Function]}
        >
          1
        </button>
      </td>
      <td>
        <button
          onClick={[Function]}
        >
          2
        </button>
      </td>
      <td>
        <button
          onClick={[Function]}
        >
          3
        </button>
      </td>
      <td>
        <button
          onClick={[Function]}
        >
          +
        </button>
      </td>
    </tr>
    <tr>
      <td />
      <td>
        <button
          onClick={[Function]}
        >
          0
        </button>
      </td>
      <td
        colSpan="2"
      >
        <button
          onClick={[Function]}
        >
          =
        </button>
      </td>
    </tr>
  </tbody>
</table>
`;

exports[`should divide correctly 1`] = `
<table
  className="calculator"
>
  <tbody>
    <tr>
      <td
        className="result"
        colSpan="4"
      >
        <div>
          3
        </div>
      </td>
    </tr>
    <tr>
      <td
        colSpan="3"
      >
        <button
          onClick={[Function]}
        >
          clear
        </button>
      </td>
      <td>
        <button
          onClick={[Function]}
        >
          ÷
        </button>
      </td>
    </tr>
    <tr>
      <td>
        <button
          onClick={[Function]}
        >
          7
        </button>
      </td>
      <td>
        <button
          onClick={[Function]}
        >
          8
        </button>
      </td>
      <td>
        <button
          onClick={[Function]}
        >
          9
        </button>
      </td>
      <td>
        <button
          onClick={[Function]}
        >
          ×
        </button>
      </td>
    </tr>
    <tr>
      <td>
        <button
          onClick={[Function]}
        >
          4
        </button>
      </td>
      <td>
        <button
          onClick={[Function]}
        >
          5
        </button>
      </td>
      <td>
        <button
          onClick={[Function]}
        >
          6
        </button>
      </td>
      <td>
        <button
          onClick={[Function]}
        >
          -
        </button>
      </td>
    </tr>
    <tr>
      <td>
        <button
          onClick={[Function]}
        >
          1
        </button>
      </td>
      <td>
        <button
          onClick={[Function]}
        >
          2
        </button>
      </td>
      <td>
        <button
          onClick={[Function]}
        >
          3
        </button>
      </td>
      <td>
        <button
          onClick={[Function]}
        >
          +
        </button>
      </td>
    </tr>
    <tr>
      <td />
      <td>
        <button
          onClick={[Function]}
        >
          0
        </button>
      </td>
      <td
        colSpan="2"
      >
        <button
          onClick={[Function]}
        >
          =
        </button>
      </td>
    </tr>
  </tbody>
</table>
`;

exports[`should multiply correctly 1`] = `
<table
  className="calculator"
>
  <tbody>
    <tr>
      <td
        className="result"
        colSpan="4"
      >
        <div>
          28
        </div>
      </td>
    </tr>
    <tr>
      <td
        colSpan="3"
      >
        <button
          onClick={[Function]}
        >
          clear
        </button>
      </td>
      <td>
        <button
          onClick={[Function]}
        >
          ÷
        </button>
      </td>
    </tr>
    <tr>
      <td>
        <button
          onClick={[Function]}
        >
          7
        </button>
      </td>
      <td>
        <button
          onClick={[Function]}
        >
          8
        </button>
      </td>
      <td>
        <button
          onClick={[Function]}
        >
          9
        </button>
      </td>
      <td>
        <button
          onClick={[Function]}
        >
          ×
        </button>
      </td>
    </tr>
    <tr>
      <td>
        <button
          onClick={[Function]}
        >
          4
        </button>
      </td>
      <td>
        <button
          onClick={[Function]}
        >
          5
        </button>
      </td>
      <td>
        <button
          onClick={[Function]}
        >
          6
        </button>
      </td>
      <td>
        <button
          onClick={[Function]}
        >
          -
        </button>
      </td>
    </tr>
    <tr>
      <td>
        <button
          onClick={[Function]}
        >
          1
        </button>
      </td>
      <td>
        <button
          onClick={[Function]}
        >
          2
        </button>
      </td>
      <td>
        <button
          onClick={[Function]}
        >
          3
        </button>
      </td>
      <td>
        <button
          onClick={[Function]}
        >
          +
        </button>
      </td>
    </tr>
    <tr>
      <td />
      <td>
        <button
          onClick={[Function]}
        >
          0
        </button>
      </td>
      <td
        colSpan="2"
      >
        <button
          onClick={[Function]}
        >
          =
        </button>
      </td>
    </tr>
  </tbody>
</table>
`;

exports[`should subtract correctly 1`] = `
<table
  className="calculator"
>
  <tbody>
    <tr>
      <td
        className="result"
        colSpan="4"
      >
        <div>
          3
        </div>
      </td>
    </tr>
    <tr>
      <td
        colSpan="3"
      >
        <button
          onClick={[Function]}
        >
          clear
        </button>
      </td>
      <td>
        <button
          onClick={[Function]}
        >
          ÷
        </button>
      </td>
    </tr>
    <tr>
      <td>
        <button
          onClick={[Function]}
        >
          7
        </button>
      </td>
      <td>
        <button
          onClick={[Function]}
        >
          8
        </button>
      </td>
      <td>
        <button
          onClick={[Function]}
        >
          9
        </button>
      </td>
      <td>
        <button
          onClick={[Function]}
        >
          ×
        </button>
      </td>
    </tr>
    <tr>
      <td>
        <button
          onClick={[Function]}
        >
          4
        </button>
      </td>
      <td>
        <button
          onClick={[Function]}
        >
          5
        </button>
      </td>
      <td>
        <button
          onClick={[Function]}
        >
          6
        </button>
      </td>
      <td>
        <button
          onClick={[Function]}
        >
          -
        </button>
      </td>
    </tr>
    <tr>
      <td>
        <button
          onClick={[Function]}
        >
          1
        </button>
      </td>
      <td>
        <button
          onClick={[Function]}
        >
          2
        </button>
      </td>
      <td>
        <button
          onClick={[Function]}
        >
          3
        </button>
      </td>
      <td>
        <button
          onClick={[Function]}
        >
          +
        </button>
      </td>
    </tr>
    <tr>
      <td />
      <td>
        <button
          onClick={[Function]}
        >
          0
        </button>
      </td>
      <td
        colSpan="2"
      >
        <button
          onClick={[Function]}
        >
          =
        </button>
      </td>
    </tr>
  </tbody>
</table>
`;
